[Bootstrap]
SetupTitle=Installa
SetupText=Copia dei file in corso. Attendere.
CabFile=ControlloScacchiera.CAB
Spawn=Setup1.exe
Uninstal=st6unst.exe
TmpDir=msftqws.pdw
Cabs=1

[Bootstrap Files]
File1=@VB6STKIT.DLL,$(WinSysPathSysFile),,,8/5/98 12.00.00 AM,102912,6.0.81.69
File2=@VB6IT.DLL,$(WinSysPath),,$(Shared),8/5/98 12.00.00 AM,122128,5.0.81.69
File3=@COMCAT.DLL,$(WinSysPathSysFile),$(DLLSelfRegister),,6/1/98 12.00.00 AM,22288,4.71.1460.1
File4=@STDOLE2.TLB,$(WinSysPathSysFile),$(TLBRegister),,5/5/99 10.22.00 PM,17920,2.40.4275.1
File5=@ASYCFILT.DLL,$(WinSysPathSysFile),,,5/5/99 10.22.00 PM,147728,2.40.4275.1
File6=@OLEPRO32.DLL,$(WinSysPathSysFile),$(DLLSelfRegister),,5/5/99 10.22.00 PM,164112,5.0.4275.1
File7=@OLEAUT32.DLL,$(WinSysPathSysFile),$(DLLSelfRegister),,5/5/99 10.22.00 PM,598288,2.40.4275.1
File8=@MSVBVM60.DLL,$(WinSysPathSysFile),$(DLLSelfRegister),,6/25/98 12.00.00 AM,1409024,6.0.81.76

[IconGroups]
Group0=$(Programs)
PrivateGroup0=Vero
Parent0=

[$(Programs)]
Icon1=""Giocare Via E-Mail.htm""
Title1=ActiveX Scacchiera
StartIn1=$(AppPath)

[Setup]
Title=ActiveX Scacchiera
DefaultDir=$(ProgramFiles)\ControlloScacchiera
AppExe=ControlloScacchiera.ocx
AppToUninstall=ControlloScacchiera.ocx

[Setup1 Files]
File1=@Giocare Via E-Mail.htm,$(AppPath),,,1/20/00 12.27.00 PM,6711,0.0.0.0
File2=@Nero.Torre.gif,$(WinSysPath)\Pictures\Figure\Default,,$(Shared),1/1/98 11.57.44 AM,424,0.0.0.0
File3=@Nero.Re.gif,$(WinSysPath)\Pictures\Figure\Default,,$(Shared),1/1/98 11.59.50 AM,506,0.0.0.0
File4=@Nero.Pedone.gif,$(WinSysPath)\Pictures\Figure\Default,,$(Shared),1/1/98 12.00.14 PM,353,0.0.0.0
File5=@Nero.Dama.gif,$(WinSysPath)\Pictures\Figure\Default,,$(Shared),1/1/98 11.59.26 AM,626,0.0.0.0
File6=@Nero.Cavallo.gif,$(WinSysPath)\Pictures\Figure\Default,,$(Shared),1/1/98 11.58.14 AM,507,0.0.0.0
File7=@Nero.Alfiere.gif,$(WinSysPath)\Pictures\Figure\Default,,$(Shared),1/1/98 11.58.52 AM,469,0.0.0.0
File8=@Bianco.Torre.gif,$(WinSysPath)\Pictures\Figure\Default,,$(Shared),1/1/98 12.02.48 PM,471,0.0.0.0
File9=@Bianco.Re.gif,$(WinSysPath)\Pictures\Figure\Default,,$(Shared),1/1/98 12.00.50 PM,537,0.0.0.0
File10=@Bianco.Pedone.gif,$(WinSysPath)\Pictures\Figure\Default,,$(Shared),1/1/98 12.03.18 PM,396,0.0.0.0
File11=@Bianco.Dama.gif,$(WinSysPath)\Pictures\Figure\Default,,$(Shared),1/1/98 12.01.24 PM,694,0.0.0.0
File12=@Bianco.Cavallo.gif,$(WinSysPath)\Pictures\Figure\Default,,$(Shared),1/1/98 12.02.20 PM,579,0.0.0.0
File13=@Bianco.Alfiere.gif,$(WinSysPath)\Pictures\Figure\Default,,$(Shared),1/1/98 12.01.52 PM,519,0.0.0.0
File14=@Nero.Torre.ico,$(WinSysPath)\Pictures\DragIcon\Default,,$(Shared),1/1/98 12.26.04 PM,766,0.0.0.0
File15=@Nero.Re.ico,$(WinSysPath)\Pictures\DragIcon\Default,,$(Shared),1/1/98 12.17.22 PM,766,0.0.0.0
File16=@Nero.Pedone.ico,$(WinSysPath)\Pictures\DragIcon\Default,,$(Shared),1/1/98 12.19.24 PM,766,0.0.0.0
File17=@Nero.Dama.ico,$(WinSysPath)\Pictures\DragIcon\Default,,$(Shared),1/1/98 12.28.40 PM,766,0.0.0.0
File18=@Nero.Cavallo.ico,$(WinSysPath)\Pictures\DragIcon\Default,,$(Shared),1/1/98 12.23.06 PM,766,0.0.0.0
File19=@Nero.Alfiere.ico,$(WinSysPath)\Pictures\DragIcon\Default,,$(Shared),1/1/98 12.24.46 PM,766,0.0.0.0
File20=@Bianco.Torre.ico,$(WinSysPath)\Pictures\DragIcon\Default,,$(Shared),1/1/98 12.10.32 PM,766,0.0.0.0
File21=@Bianco.Re.ico,$(WinSysPath)\Pictures\DragIcon\Default,,$(Shared),1/1/98 12.13.28 PM,766,0.0.0.0
File22=@Bianco.Pedone.ico,$(WinSysPath)\Pictures\DragIcon\Default,,$(Shared),1/1/98 12.00.50 PM,766,0.0.0.0
File23=@Bianco.Dama.ico,$(WinSysPath)\Pictures\DragIcon\Default,,$(Shared),1/1/98 12.12.02 PM,766,0.0.0.0
File24=@Bianco.Cavallo.ico,$(WinSysPath)\Pictures\DragIcon\Default,,$(Shared),1/1/98 12.05.06 PM,766,0.0.0.0
File25=@Bianco.Alfiere.ico,$(WinSysPath)\Pictures\DragIcon\Default,,$(Shared),1/1/98 12.08.54 PM,766,0.0.0.0
File26=@MSPRPIT.DLL,$(WinSysPath),,$(Shared),8/5/98 12.00.00 AM,8192,6.0.81.63
File27=@MSSTKPRP.DLL,$(WinSysPath),$(DLLSelfRegister),$(Shared),6/18/98 12.00.00 AM,94208,6.0.81.69
File28=@Elaborazione.dll,$(WinSysPath),$(DLLSelfRegister),$(Shared),1/20/00 8.02.52 PM,241755,1.0.0.66
File29=@ControlloScacchiera.ocx,$(WinSysPath),$(DLLSelfRegister),$(Shared),1/23/00 8.55.12 PM,249856,1.0.0.0

; Le righe seguenti potrebbero essere eliminate per ottenere spazio 
; aggiuntivo per la personalizzazione di questo file in un dischetto 
; per l'installazione completa.
; 
; XXXXXXXXXXXXXXXXXXXXXXXXXXXXXXXXXXXXXXXXXXXXXXXXXXXXXXXXXXXX
; XXXXXXXXXXXXXXXXXXXXXXXXXXXXXXXXXXXXXXXXXXXXXXXXXXXXXXXXXXXX
; XXXXXXXXXXXXXXXXXXXXXXXXXXXXXXXXXXXXXXXXXXXXXXXXXXXXXXXXXXXX
; XXXXXXXXXXXXXXXXXXXXXXXXXXXXXXXXXXXXXXXXXXXXXXXXXXXXXXXXXXXX
; XXXXXXXXXXXXXXXXXXXXXXXXXXXXXXXXXXXXXXXXXXXXXXXXXXXXXXXXXXXX
; XXXXXXXXXXXXXXXXXXXXXXXXXXXXXXXXXXXXXXXXXXXXXXXXXXXXXXXXXXXX
; XXXXXXXXXXXXXXXXXXXXXXXXXXXXXXXXXXXXXXXXXXXXXXXXXXXXXXXXXXXX
; XXXXXXXXXXXXXXXXXXXXXXXXXXXXXXXXXXXXXXXXXXXXXXXXXXXXXXXXXXXX
; XXXXXXXXXXXXXXXXXXXXXXXXXXXXXXXXXXXXXXXXXXXXXXXXXXXXXXXXXXXX
; XXXXXXXXXXXXXXXXXXXXXXXXXXXXXXXXXXXXXXXXXXXXXXXXXXXXXXXXXXXX
; XXXXXXXXXXXXXXXXXXXXXXXXXXXXXXXXXXXXXXXXXXXXXXXXXXXXXXXXXXXX
; XXXXXXXXXXXXXXXXXXXXXXXXXXXXXXXXXXXXXXXXXXXXXXXXXXXXXXXXXXXX
; XXXXXXXXXXXXXXXXXXXXXXXXXXXXXXXXXXXXXXXXXXXXXXXXXXXXXXXXXXXX
; XXXXXXXXXXXXXXXXXXXXXXXXXXXXXXXXXXXXXXXXXXXXXXXXXXXXXXXXXXXX
; XXXXXXXXXXXXXXXXXXXXXXXXXXXXXXXXXXXXXXXXXXXXXXXXXXXXXXXXXXXX
; XXXXXXXXXXXXXXXXXXXXXXXXXXXXXXXXXXXXXXXXXXXXXXXXXXXXXXXXXXXX
; XXXXXXXXXXXXXXXXXXXXXXXXXXXXXXXXXXXXXXXXXXXXXXXXXXXXXXXXXXXX
; XXXXXXXXXXXXXXXXXXXXXXXXXXXXXXXXXXXXXXXXXXXXXXXXXXXXXXXXXXXX
; XXXXXXXXXXXXXXXXXXXXXXXXXXXXXXXXXXXXXXXXXXXXXXXXXXXXXXXXXXXX
; XXXXXXXXXXXXXXXXXXXXXXXXXXXXXXXXXXXXXXXXXXXXXXXXXXXXXXXXXXXX
; XXXXXXXXXXXXXXXXXXXXXXXXXXXXXXXXXXXXXXXXXXXXXXXXXXXXXXXXXXXX
; XXXXXXXXXXXXXXXXXXXXXXXXXXXXXXXXXXXXXXXXXXXXXXXXXXXXXXXXXXXX
; XXXXXXXXXXXXXXXXXXXXXXXXXXXXXXXXXXXXXXXXXXXXXXXXXXXXXXXXXXXX
; XXXXXXXXXXXXXXXXXXXXXXXXXXXXXXXXXXXXXXXXXXXXXXXXXXXXXXXXXXXX
; XXXXXXXXXXXXXXXXXXXXXXXXXXXXXXXXXXXXXXXXXXXXXXXXXXXXXXXXXXXX
; XXXXXXXXXXXXXXXXXXXXXXXXXXXXXXXXXXXXXXXXXXXXXXXXXXXXXXXXXXXX
; XXXXXXXXXXXXXXXXXXXXXXXXXXXXXXXXXXXXXXXXXXXXXXXXXXXXXXXXXXXX
; XXXXXXXXXXXXXXXXXXXXXXXXXXXXXXXXXXXXXXXXXXXXXXXXXXXXXXXXXXXX
; XXXXXXXXXXXXXXXXXXXXXXXXXXXXXXXXXXXXXXXXXXXXXXXXXXXXXXXXXXXX
; XXXXXXXXXXXXXXXXXXXXXXXXXXXXXXXXXXXXXXXXXXXXXXXXXXXXXXXXXXXX
; XXXXXXXXXXXXXXXXXXXXXXXXXXXXXXXXXXXXXXXXXXXXXXXXXXXXXXXXXXXX
; XXXXXXXXXXXXXXXXXXXXXXXXXXXXXXXXXXXXXXXXXXXXXXXXXXXXXXXXXXXX
; XXXXXXXXXXXXXXXXXXXXXXXXXXXXXXXXXXXXXXXXXXXXXXXXXXXXXXXXXXXX
; XXXXXXXXXXXXXXXXXXXXXXXXXXXXXXXXXXXXXXXXXXXXXXXXXXXXXXXXXXXX
; XXXXXXXXXXXXXXXXXXXXXXXXXXXXXXXXXXXXXXXXXXXXXXXXXXXXXXXXXXXX
